// Vitest Snapshot v1, https://vitest.dev/guide/snapshot.html

exports[`Render App > should be render App component 1`] = `
<div>
  <h1>
    Ol√° mundo!
  </h1>
</div>
`;
